                                                                                             QUERY PLAN
-----------------------------------------------------------------------------------------------------------------------------------------------------------------------------------------------------
 Limit  (cost=130.80..130.81 rows=1 width=17) (actual time=209.278..209.287 rows=50 loops=1)
   ->  Sort  (cost=130.80..130.81 rows=1 width=17) (actual time=209.277..209.282 rows=50 loops=1)
         Sort Key: ((SubPlan 1))
         Sort Method: quicksort  Memory: 26kB
         ->  Nested Loop Semi Join  (cost=4.76..130.79 rows=1 width=17) (actual time=0.411..209.152 rows=50 loops=1)
               ->  Index Scan using auto_queue_runs_pkey on auto_queue_runs r  (cost=0.38..109.90 rows=1 width=9) (actual time=0.007..18.605 rows=50000 loops=1)
                     Filter: (status = 'active'::text)
               ->  Bitmap Heap Scan on auto_queue_entries e  (cost=4.38..8.40 rows=1 width=9) (actual time=0.002..0.002 rows=0 loops=50000)
                     Recheck Cond: ((r.id = run_id) AND (status <> ALL ('{skipped,cancelled}'::text[])))
                     Filter: (status = 'pending'::text)
                     Heap Blocks: exact=50
                     ->  Bitmap Index Scan on uq_auto_queue_entry_card  (cost=0.00..4.38 rows=1 width=0) (actual time=0.002..0.002 rows=10 loops=50000)
                           Index Cond: (run_id = r.id)
               SubPlan 1
                 ->  Limit  (cost=0.38..8.48 rows=1 width=8) (actual time=0.033..0.033 rows=1 loops=50)
                       ->  Index Only Scan using idx_auto_queue_entries_run_status_updated_at on auto_queue_entries e_1  (cost=0.38..8.48 rows=1 width=8) (actual time=0.032..0.032 rows=1 loops=50)
                             Index Cond: ((run_id = r.id) AND (status = 'pending'::text))
                             Heap Fetches: 50
 Planning Time: 1.414 ms
 Execution Time: 209.372 ms
(20 rows)
